// Jest Snapshot v1, https://goo.gl/fbAQLP

exports[`home component testing if page matches 1`] = `null`;
